app/auth/callback/route.ts(2,30): error TS2307: Cannot find module '@supabase/supabase-js' or its corresponding type declarations.
app/patients/[id]/page.tsx(109,55): error TS2551: Property 'caseNumber' does not exist on type 'Patient'. Did you mean 'case_number'?
app/patients/[id]/page.tsx(109,79): error TS2551: Property 'treatmentType' does not exist on type 'Patient'. Did you mean 'treatment_type'?
app/patients/[id]/page.tsx(110,34): error TS2551: Property 'currentMedicines' does not exist on type 'Patient'. Did you mean 'current_medicines'?
app/patients/[id]/page.tsx(130,51): error TS2551: Property 'caseNumber' does not exist on type 'Patient'. Did you mean 'case_number'?
app/patients/[id]/page.tsx(130,65): error TS2551: Property 'treatmentType' does not exist on type 'Patient'. Did you mean 'treatment_type'?
app/patients/[id]/page.tsx(131,30): error TS2551: Property 'currentMedicines' does not exist on type 'Patient'. Did you mean 'current_medicines'?
app/patients/[id]/page.tsx(237,41): error TS2561: Object literal may only specify known properties, but 'currentMedicines' does not exist in type 'Partial<Patient>'. Did you mean to write 'current_medicines'?
app/patients/[id]/page.tsx(240,33): error TS2551: Property 'currentMedicines' does not exist on type 'Patient'. Did you mean 'current_medicines'?
app/patients/[id]/page.tsx(253,29): error TS2551: Property 'fullName' does not exist on type 'Patient'. Did you mean 'full_name'?
app/patients/[id]/page.tsx(257,57): error TS2551: Property 'caseNumber' does not exist on type 'Patient'. Did you mean 'case_number'?
app/patients/[id]/page.tsx(257,77): error TS2551: Property 'treatmentType' does not exist on type 'Patient'. Did you mean 'treatment_type'?
app/patients/[id]/page.tsx(258,34): error TS2551: Property 'currentMedicines' does not exist on type 'Patient'. Did you mean 'current_medicines'?
app/patients/[id]/page.tsx(265,39): error TS2551: Property 'heightCm' does not exist on type 'Patient'. Did you mean 'height_cm'?
app/patients/[id]/page.tsx(265,69): error TS2551: Property 'heightCm' does not exist on type 'Patient'. Did you mean 'height_cm'?
app/patients/[id]/page.tsx(275,105): error TS2551: Property 'presentComplaints' does not exist on type 'Patient'. Did you mean 'present_complaints'?
app/patients/[id]/page.tsx(283,27): error TS2551: Property 'fullName' does not exist on type 'Patient'. Did you mean 'full_name'?
app/patients/[id]/page.tsx(294,169): error TS2551: Property 'caseNumber' does not exist on type 'Patient'. Did you mean 'case_number'?
app/patients/[id]/page.tsx(295,171): error TS2551: Property 'mobileNumber' does not exist on type 'Patient'. Did you mean 'mobile_number'?
app/patients/[id]/page.tsx(316,154): error TS2551: Property 'bloodGroup' does not exist on type 'Patient'. Did you mean 'blood_group'?
app/patients/[id]/page.tsx(317,157): error TS2551: Property 'dateOfBirth' does not exist on type 'Patient'. Did you mean 'date_of_birth'?
app/patients/[id]/page.tsx(328,88): error TS2551: Property 'menstrualCycleDays' does not exist on type 'Patient'. Did you mean 'menstrual_cycle_days'?
app/patients/[id]/page.tsx(334,165): error TS2551: Property 'alternateMobile' does not exist on type 'Patient'. Did you mean 'alternate_mobile'?
app/patients/[id]/page.tsx(338,164): error TS2551: Property 'emergencyContact' does not exist on type 'Patient'. Did you mean 'emergency_contact'?
app/patients/[id]/page.tsx(349,66): error TS2551: Property 'maritalStatus' does not exist on type 'Patient'. Did you mean 'marital_status'?
app/patients/[id]/page.tsx(355,168): error TS2551: Property 'chronicDiseases' does not exist on type 'Patient'. Did you mean 'chronic_diseases'?
app/patients/[id]/page.tsx(386,54): error TS2551: Property 'mobileNumber' does not exist on type 'Patient'. Did you mean 'mobile_number'?
app/patients/[id]/page.tsx(422,57): error TS2551: Property 'fullName' does not exist on type 'Patient'. Did you mean 'full_name'?
app/patients/[id]/page.tsx(425,41): error TS2551: Property 'fullName' does not exist on type 'Patient'. Did you mean 'full_name'?
app/patients/[id]/page.tsx(429,76): error TS2551: Property 'fullName' does not exist on type 'Patient'. Did you mean 'full_name'?
app/patients/[id]/page.tsx(430,110): error TS2551: Property 'caseNumber' does not exist on type 'Patient'. Did you mean 'case_number'?
app/patients/[id]/page.tsx(436,98): error TS2551: Property 'mobileNumber' does not exist on type 'Patient'. Did you mean 'mobile_number'?
app/patients/[id]/page.tsx(437,26): error TS2551: Property 'alternateMobile' does not exist on type 'Patient'. Did you mean 'alternate_mobile'?
app/patients/[id]/page.tsx(437,141): error TS2551: Property 'alternateMobile' does not exist on type 'Patient'. Did you mean 'alternate_mobile'?
app/patients/[id]/page.tsx(443,26): error TS2551: Property 'bloodGroup' does not exist on type 'Patient'. Did you mean 'blood_group'?
app/patients/[id]/page.tsx(443,76): error TS2551: Property 'bloodGroup' does not exist on type 'Patient'. Did you mean 'blood_group'?
app/patients/[id]/page.tsx(444,26): error TS2551: Property 'maritalStatus' does not exist on type 'Patient'. Did you mean 'marital_status'?
app/patients/[id]/page.tsx(444,79): error TS2551: Property 'maritalStatus' does not exist on type 'Patient'. Did you mean 'marital_status'?
app/patients/[id]/page.tsx(447,26): error TS2551: Property 'menstrualCycleDays' does not exist on type 'Patient'. Did you mean 'menstrual_cycle_days'?
app/patients/[id]/page.tsx(447,91): error TS2551: Property 'menstrualCycleDays' does not exist on type 'Patient'. Did you mean 'menstrual_cycle_days'?
app/patients/[id]/page.tsx(450,25): error TS2551: Property 'khataBalance' does not exist on type 'Patient'. Did you mean 'khata_balance'?
app/patients/[id]/page.tsx(451,122): error TS2551: Property 'khataBalance' does not exist on type 'Patient'. Did you mean 'khata_balance'?
app/patients/[id]/page.tsx(453,36): error TS2551: Property 'khataBalance' does not exist on type 'Patient'. Did you mean 'khata_balance'?
app/patients/[id]/page.tsx(453,100): error TS2551: Property 'khataBalance' does not exist on type 'Patient'. Did you mean 'khata_balance'?
app/patients/[id]/page.tsx(453,158): error TS2551: Property 'khataBalance' does not exist on type 'Patient'. Did you mean 'khata_balance'?
app/patients/[id]/page.tsx(489,20): error TS2551: Property 'emergencyContact' does not exist on type 'Patient'. Did you mean 'emergency_contact'?
app/patients/[id]/page.tsx(490,153): error TS2551: Property 'emergencyContact' does not exist on type 'Patient'. Did you mean 'emergency_contact'?
app/patients/[id]/page.tsx(495,20): error TS2551: Property 'chronicDiseases' does not exist on type 'Patient'. Did you mean 'chronic_diseases'?
app/patients/[id]/page.tsx(496,166): error TS2551: Property 'chronicDiseases' does not exist on type 'Patient'. Did you mean 'chronic_diseases'?
app/patients/[id]/page.tsx(498,20): error TS2551: Property 'dateOfBirth' does not exist on type 'Patient'. Did you mean 'date_of_birth'?
app/patients/[id]/page.tsx(499,149): error TS2551: Property 'dateOfBirth' does not exist on type 'Patient'. Did you mean 'date_of_birth'?
app/patients/[id]/page.tsx(537,73): error TS2551: Property 'presentComplaints' does not exist on type 'Patient'. Did you mean 'present_complaints'?
app/patients/[id]/page.tsx(871,72): error TS2551: Property 'appointmentDate' does not exist on type 'Appointment'. Did you mean 'appointment_date'?
app/patients/[id]/page.tsx(871,97): error TS2551: Property 'timeSlot' does not exist on type 'Appointment'. Did you mean 'time_slot'?
app/patients/[id]/page.tsx(887,78): error TS2551: Property 'paymentMethod' does not exist on type 'Payment'. Did you mean 'payment_method'?
app/patients/[id]/page.tsx(902,82): error TS2551: Property 'khataBalance' does not exist on type 'Patient'. Did you mean 'khata_balance'?
app/patients/[id]/page.tsx(902,143): error TS2551: Property 'khataBalance' does not exist on type 'Patient'. Did you mean 'khata_balance'?
app/patients/[id]/page.tsx(903,36): error TS2551: Property 'khataBalance' does not exist on type 'Patient'. Did you mean 'khata_balance'?
app/patients/[id]/page.tsx(903,100): error TS2551: Property 'khataBalance' does not exist on type 'Patient'. Did you mean 'khata_balance'?
app/patients/[id]/page.tsx(903,147): error TS2551: Property 'khataBalance' does not exist on type 'Patient'. Did you mean 'khata_balance'?
app/patients/[id]/page.tsx(921,29): error TS2551: Property 'totalBill' does not exist on type 'Visit'. Did you mean 'total_bill'?
app/patients/[id]/page.tsx(921,44): error TS2551: Property 'totalBill' does not exist on type 'Visit'. Did you mean 'total_bill'?
app/patients/[id]/page.tsx(922,45): error TS2551: Property 'createdAt' does not exist on type 'Visit'. Did you mean 'created_at'?
app/patients/[id]/page.tsx(927,36): error TS2551: Property 'totalBill' does not exist on type 'Visit'. Did you mean 'total_bill'?
app/patients/[id]/page.tsx(933,87): error TS2551: Property 'createdAt' does not exist on type 'Payment'. Did you mean 'created_at'?
app/patients/[id]/page.tsx(937,45): error TS2551: Property 'paymentMethod' does not exist on type 'Payment'. Did you mean 'payment_method'?
app/patients/page.tsx(322,62): error TS2551: Property 'caseNumber' does not exist on type 'Patient'. Did you mean 'case_number'?
app/patients/page.tsx(322,82): error TS2551: Property 'treatmentType' does not exist on type 'Patient'. Did you mean 'treatment_type'?
app/patients/page.tsx(328,58): error TS2551: Property 'caseNumber' does not exist on type 'Patient'. Did you mean 'case_number'?
app/patients/page.tsx(340,49): error TS2551: Property 'fullName' does not exist on type 'Patient'. Did you mean 'full_name'?
app/patients/page.tsx(343,129): error TS2551: Property 'fullName' does not exist on type 'Patient'. Did you mean 'full_name'?
app/patients/page.tsx(348,69): error TS2551: Property 'mobileNumber' does not exist on type 'Patient'. Did you mean 'mobile_number'?
app/patients/page.tsx(350,69): error TS2551: Property 'bloodGroup' does not exist on type 'Patient'. Did you mean 'blood_group'?
app/patients/page.tsx(381,31): error TS2551: Property 'khataBalance' does not exist on type 'Patient'. Did you mean 'khata_balance'?
app/patients/page.tsx(382,95): error TS2551: Property 'khataBalance' does not exist on type 'Patient'. Did you mean 'khata_balance'?
app/patients/page.tsx(383,35): error TS2551: Property 'khataBalance' does not exist on type 'Patient'. Did you mean 'khata_balance'?
app/patients/page.tsx(383,99): error TS2551: Property 'khataBalance' does not exist on type 'Patient'. Did you mean 'khata_balance'?
app/patients/page.tsx(383,157): error TS2551: Property 'khataBalance' does not exist on type 'Patient'. Did you mean 'khata_balance'?
app/patients/page.tsx(400,58): error TS2551: Property 'caseNumber' does not exist on type 'Patient'. Did you mean 'case_number'?
app/patients/page.tsx(400,78): error TS2551: Property 'treatmentType' does not exist on type 'Patient'. Did you mean 'treatment_type'?
app/patients/page.tsx(412,45): error TS2551: Property 'fullName' does not exist on type 'Patient'. Did you mean 'full_name'?
app/patients/page.tsx(415,73): error TS2551: Property 'fullName' does not exist on type 'Patient'. Did you mean 'full_name'?
app/patients/page.tsx(416,75): error TS2551: Property 'mobileNumber' does not exist on type 'Patient'. Did you mean 'mobile_number'?
app/patients/page.tsx(422,68): error TS2551: Property 'bloodGroup' does not exist on type 'Patient'. Did you mean 'blood_group'?
app/patients/page.tsx(422,95): error TS2551: Property 'bloodGroup' does not exist on type 'Patient'. Did you mean 'blood_group'?
app/patients/page.tsx(427,70): error TS2551: Property 'caseNumber' does not exist on type 'Patient'. Did you mean 'case_number'?
app/patients/page.tsx(463,25): error TS2551: Property 'khataBalance' does not exist on type 'Patient'. Did you mean 'khata_balance'?
app/patients/page.tsx(465,91): error TS2551: Property 'khataBalance' does not exist on type 'Patient'. Did you mean 'khata_balance'?
app/patients/page.tsx(466,38): error TS2551: Property 'khataBalance' does not exist on type 'Patient'. Did you mean 'khata_balance'?
app/patients/page.tsx(466,102): error TS2551: Property 'khataBalance' does not exist on type 'Patient'. Did you mean 'khata_balance'?
app/patients/page.tsx(466,160): error TS2551: Property 'khataBalance' does not exist on type 'Patient'. Did you mean 'khata_balance'?
components/providers/AuthProvider.tsx(41,54): error TS7031: Binding element 'session' implicitly has an 'any' type.
components/providers/AuthProvider.tsx(50,14): error TS7006: Parameter 'event' implicitly has an 'any' type.
components/providers/AuthProvider.tsx(50,21): error TS7006: Parameter 'session' implicitly has an 'any' type.
lib/supabase.ts(3,30): error TS2307: Cannot find module '@supabase/supabase-js' or its corresponding type declarations.
services/payment.service.ts(74,31): error TS7006: Parameter 'sum' implicitly has an 'any' type.
services/payment.service.ts(74,36): error TS7006: Parameter 'p' implicitly has an 'any' type.
